2026-08-04 17:07:12,966 INFO live_text_shape=plain marks=0
2026-08-04 17:07:12,966 INFO raw_gate flag=True tenant=mott call_id_len=0 first_req=False
2026-08-04 17:07:12,966 INFO raw_fetch msgs=none
2026-08-04 17:07:12,966 INFO live_text=current residue_len=28
2026-08-04 17:07:12,976 INFO raw_resolve from=08/10/2026
2026-08-04 17:07:12,976 INFO date_source=pathway_anaphora
2026-08-04 17:07:12,976 INFO live_text_shape=plain marks=0
2026-08-04 17:07:12,976 INFO raw_gate flag=True tenant=mott call_id_len=0 first_req=False
2026-08-04 17:07:12,976 INFO raw_fetch msgs=none
2026-08-04 17:07:12,976 INFO live_text=current residue_len=38
2026-08-04 17:07:12,979 INFO raw_resolve from=08/05/2026
2026-08-04 17:07:12,979 INFO date_source=pathway_anaphora
2026-08-04 17:07:12,979 INFO live_text_shape=plain marks=0
2026-08-04 17:07:12,979 INFO raw_gate flag=True tenant=mott call_id_len=0 first_req=False
2026-08-04 17:07:12,979 INFO raw_fetch msgs=none
2026-08-04 17:07:12,979 INFO live_text=current residue_len=28
2026-08-04 17:07:12,979 INFO raw_resolve from=08/18/2026
2026-08-04 17:07:12,979 INFO date_source=raw
2026-08-04 17:07:12,980 INFO live_text_shape=plain marks=0
2026-08-04 17:07:12,980 INFO raw_gate flag=True tenant=mott call_id_len=0 first_req=False
2026-08-04 17:07:12,980 INFO raw_fetch msgs=none
2026-08-04 17:07:12,980 INFO live_text=current residue_len=29
2026-08-04 17:07:12,981 INFO raw_resolve from=08/18/2026
2026-08-04 17:07:12,981 INFO date_source=raw
CASE=anaphora-week FROM=2026-08-17
CASE=anaphora-day FROM=2026-08-17
CASE=away-override DATE=2026-08-18
